python : C:\Users\LENOVO\Documents\mazao_ai\apps\tg_bot\handlers.py:2065: DeprecationWarning: 
datetime.datetime.utcnow() is deprecated and scheduled for removal in a future version. Use timezone-aware objects to 
represent datetimes in UTC: datetime.datetime.now(datetime.UTC).
At line:1 char:32
+ ... NG="utf-8"; python apps/tg_bot/tests/certify_utility_ingestion_smoke. ...
+                 ~~~~~~~~~~~~~~~~~~~~~~~~~~~~~~~~~~~~~~~~~~~~~~~~~~~~~~~~~
    + CategoryInfo          : NotSpecified: (C:\Users\LENOVO...(datetime.UTC).:String) [], RemoteException
    + FullyQualifiedErrorId : NativeCommandError
 
  this_month = datetime.utcnow().replace(day=1, hour=0, minute=0, second=0, microsecond=0).isoformat()
2026-04-24 22:35:47 [info     ] inactivity_reactivation_start  count=1
2026-04-24 22:35:47 [info     ] conversion_nudge_sent          telegram_id=123456789
.E.EC:\Users\LENOVO\Documents\mazao_ai\apps\tg_bot\scheduler.py:452: DeprecationWarning: datetime.datetime.utcnow() is 
deprecated and scheduled for removal in a future version. Use timezone-aware objects to represent datetimes in UTC: 
datetime.datetime.now(datetime.UTC).
  today = datetime.utcnow().date()
2026-04-24 22:35:47 [info     ] job_subscription_renewal_check_start count=0
2026-04-24 22:35:48 [info     ] job_subscription_renewal_check_start count=1
2026-04-24 22:35:48 [info     ] subscription_expired           telegram_id=123456789
........Executing <Task pending name='Task-62' 
coro=<TestUtilityIngestionSmoke.test_electricity_token_full_sms_ingestion() running at C:\Program 
Files\WindowsApps\PythonSoftwareFoundation.Python.3.12_3.12.2800.0_x64__qbz5n2kfra8p0\Lib\unittest\mock.py:1413> 
wait_for=<Future pending cb=[_chain_future.<locals>._call_check_cancel() at C:\Program 
Files\WindowsApps\PythonSoftwareFoundation.Python.3.12_3.12.2800.0_x64__qbz5n2kfra8p0\Lib\asyncio\futures.py:389, 
Task.task_wakeup()] created at C:\Program 
Files\WindowsApps\PythonSoftwareFoundation.Python.3.12_3.12.2800.0_x64__qbz5n2kfra8p0\Lib\asyncio\base_events.py:448> 
cb=[_run_until_complete_cb() at C:\Program 
Files\WindowsApps\PythonSoftwareFoundation.Python.3.12_3.12.2800.0_x64__qbz5n2kfra8p0\Lib\asyncio\base_events.py:181] 
created at C:\Program 
Files\WindowsApps\PythonSoftwareFoundation.Python.3.12_3.12.2800.0_x64__qbz5n2kfra8p0\Lib\asyncio\runners.py:100> took 
16.453 seconds
.....
======================================================================
ERROR: test_inactivity_reactivation (__main__.TestConversionGrowthLayer.test_inactivity_reactivation)
Lapsed user receives reactivation nudge (Conversion Trigger 5).
----------------------------------------------------------------------
Traceback (most recent call last):
  File "C:\Program 
Files\WindowsApps\PythonSoftwareFoundation.Python.3.12_3.12.2800.0_x64__qbz5n2kfra8p0\Lib\asyncio\runners.py", line 
118, in run
    return self._loop.run_until_complete(task)
           ^^^^^^^^^^^^^^^^^^^^^^^^^^^^^^^^^^^
  File "C:\Program 
Files\WindowsApps\PythonSoftwareFoundation.Python.3.12_3.12.2800.0_x64__qbz5n2kfra8p0\Lib\asyncio\base_events.py", 
line 691, in run_until_complete
    return future.result()
           ^^^^^^^^^^^^^^^
  File "C:\Program 
Files\WindowsApps\PythonSoftwareFoundation.Python.3.12_3.12.2800.0_x64__qbz5n2kfra8p0\Lib\unittest\mock.py", line 
1413, in patched
    return await func(*newargs, **newkeywargs)
           ^^^^^^^^^^^^^^^^^^^^^^^^^^^^^^^^^^^
  File "C:\Users\LENOVO\Documents\mazao_ai\apps\tg_bot\tests\certify_utility_ingestion_smoke.py", line 399, in 
test_inactivity_reactivation
    parse_mode=ParseMode.MARKDOWN
               ^^^^^^^^^
NameError: name 'ParseMode' is not defined

======================================================================
ERROR: test_trial_day_6_urgency (__main__.TestConversionGrowthLayer.test_trial_day_6_urgency)
Trial user on day 6 sees urgency message (Conversion Trigger 1).
----------------------------------------------------------------------
Traceback (most recent call last):
  File "C:\Program 
Files\WindowsApps\PythonSoftwareFoundation.Python.3.12_3.12.2800.0_x64__qbz5n2kfra8p0\Lib\asyncio\runners.py", line 
118, in run
    return self._loop.run_until_complete(task)
           ^^^^^^^^^^^^^^^^^^^^^^^^^^^^^^^^^^^
  File "C:\Program 
Files\WindowsApps\PythonSoftwareFoundation.Python.3.12_3.12.2800.0_x64__qbz5n2kfra8p0\Lib\asyncio\base_events.py", 
line 691, in run_until_complete
    return future.result()
           ^^^^^^^^^^^^^^^
  File "C:\Program 
Files\WindowsApps\PythonSoftwareFoundation.Python.3.12_3.12.2800.0_x64__qbz5n2kfra8p0\Lib\unittest\mock.py", line 
1413, in patched
    return await func(*newargs, **newkeywargs)
           ^^^^^^^^^^^^^^^^^^^^^^^^^^^^^^^^^^^
  File "C:\Users\LENOVO\Documents\mazao_ai\apps\tg_bot\tests\certify_utility_ingestion_smoke.py", line 373, in 
test_trial_day_6_urgency
    await job_trial_alerts(bot)
  File "C:\Users\LENOVO\Documents\mazao_ai\apps\tg_bot\scheduler.py", line 304, in job_trial_alerts
    tenants = await asyncio.get_event_loop().run_in_executor(None, db.get_all_active_tenants)
                    ^^^^^^^^^^^^^^^^^^^^^^^^^^^^^^^^^^^^^^^^^^^^^^^^^^^^^^^^^^^^^^^^^^^^^^^^^
  File "C:\Program 
Files\WindowsApps\PythonSoftwareFoundation.Python.3.12_3.12.2800.0_x64__qbz5n2kfra8p0\Lib\asyncio\base_events.py", 
line 856, in run_in_executor
    self._check_callback(func, 'run_in_executor')
  File "C:\Program 
Files\WindowsApps\PythonSoftwareFoundation.Python.3.12_3.12.2800.0_x64__qbz5n2kfra8p0\Lib\asyncio\base_events.py", 
line 811, in _check_callback
    raise TypeError(
TypeError: coroutines cannot be used with run_in_executor()

----------------------------------------------------------------------
Ran 17 tests in 16.993s

FAILED (errors=2)
